\BOOKMARK [0][-]{chapter.12}{\376\377\000I\000n\000t\000r\000o\000d\000u\000c\000t\000i\000o\000n}{}% 1
\BOOKMARK [1][-]{section.13}{\376\377\000H\000i\000g\000h\000-\000L\000e\000v\000e\000l\000\040\000O\000v\000e\000r\000v\000i\000e\000w\000\040\000a\000n\000d\000\040\000M\000o\000t\000i\000v\000a\000t\000i\000o\000n}{chapter.12}% 2
\BOOKMARK [1][-]{section.14}{\376\377\000P\000r\000o\000b\000l\000e\000m\000\040\000S\000t\000a\000t\000e\000m\000e\000n\000t}{chapter.12}% 3
\BOOKMARK [1][-]{section.17}{\376\377\000R\000e\000s\000e\000a\000r\000c\000h\000\040\000Q\000u\000e\000s\000t\000i\000o\000n\000s}{chapter.12}% 4
\BOOKMARK [1][-]{section.24}{\376\377\000R\000e\000s\000e\000a\000r\000c\000h\000\040\000O\000b\000j\000e\000c\000t\000i\000v\000e\000s}{chapter.12}% 5
\BOOKMARK [1][-]{section.25}{\376\377\000R\000e\000s\000e\000a\000r\000c\000h\000\040\000C\000o\000n\000t\000r\000i\000b\000u\000t\000i\000o\000n\000s}{chapter.12}% 6
\BOOKMARK [1][-]{section.26}{\376\377\000D\000i\000s\000s\000e\000r\000t\000a\000t\000i\000o\000n\000\040\000P\000l\000a\000n\000\040\000S\000t\000r\000u\000c\000t\000u\000r\000e}{chapter.12}% 7
\BOOKMARK [1][-]{section.27}{\376\377\000P\000r\000i\000v\000a\000c\000y\000\040\000a\000n\000d\000\040\000e\000t\000h\000i\000c\000s}{chapter.12}% 8
\BOOKMARK [1][-]{section.28}{\376\377\000U\000s\000e\000\040\000o\000f\000\040\000A\000I\000\040\000T\000o\000o\000l\000s}{chapter.12}% 9
\BOOKMARK [0][-]{chapter.29}{\376\377\000S\000t\000a\000t\000e\000\040\000o\000f\000\040\000t\000h\000e\000\040\000a\000r\000t}{}% 10
\BOOKMARK [1][-]{section.30}{\376\377\000R\000u\000s\000t}{chapter.29}% 11
\BOOKMARK [2][-]{subsection.31}{\376\377\000O\000v\000e\000r\000v\000i\000e\000w}{section.30}% 12
\BOOKMARK [3][-]{section*.32}{\376\377\000O\000w\000n\000e\000r\000s\000h\000i\000p\000\040\000a\000n\000d\000\040\000M\000e\000m\000o\000r\000y\000\040\000S\000a\000f\000e\000t\000y}{subsection.31}% 13
\BOOKMARK [3][-]{section*.33}{\376\377\000T\000o\000o\000l\000i\000n\000g\000\040\000a\000n\000d\000\040\000e\000c\000o\000s\000y\000s\000t\000e\000m}{subsection.31}% 14
\BOOKMARK [3][-]{section*.34}{\376\377\000A\000d\000o\000p\000t\000i\000o\000n\000\040\000a\000n\000d\000\040\000I\000n\000d\000u\000s\000t\000r\000i\000a\000l\000\040\000A\000p\000p\000l\000i\000c\000a\000t\000i\000o\000n\000s}{subsection.31}% 15
\BOOKMARK [1][-]{section.35}{\376\377\000C\000+\000+\000\040\000a\000n\000d\000\040\000t\000h\000e\000\040\000B\000o\000o\000s\000t\000\040\000L\000i\000b\000r\000a\000r\000y}{chapter.29}% 16
\BOOKMARK [2][-]{subsection.36}{\376\377\000C\000+\000+}{section.35}% 17
\BOOKMARK [2][-]{subsection.37}{\376\377\000B\000o\000o\000s\000t\000\040\000C\000+\000+\000\040\000L\000i\000b\000r\000a\000r\000i\000e\000s}{section.35}% 18
\BOOKMARK [2][-]{subsection.38}{\376\377\000T\000h\000e\000\040\000B\000o\000o\000s\000t\000\040\000P\000a\000r\000a\000d\000o\000x\000:\000\040\000B\000a\000r\000r\000i\000e\000r\000\040\000a\000n\000d\000\040\000B\000r\000i\000d\000g\000e}{section.35}% 19
\BOOKMARK [1][-]{section.39}{\376\377\000I\000n\000t\000e\000r\000o\000p\000e\000r\000a\000b\000i\000l\000i\000t\000y\000\040\000b\000e\000t\000w\000e\000e\000n\000\040\000R\000u\000s\000t\000\040\000a\000n\000d\000\040\000C\000+\000+}{chapter.29}% 20
\BOOKMARK [2][-]{subsection.40}{\376\377\000U\000n\000d\000e\000f\000i\000n\000e\000d\000\040\000B\000e\000h\000a\000v\000i\000o\000r\000\040\000a\000n\000d\000\040\000V\000u\000l\000n\000e\000r\000a\000b\000i\000l\000i\000t\000y\000\040\000M\000i\000t\000i\000g\000a\000t\000i\000o\000n}{section.39}% 21
\BOOKMARK [2][-]{subsection.41}{\376\377\000T\000h\000e\000\040\000S\000a\000f\000e\000t\000y\000\040\000A\000i\000r\000\040\000G\000a\000p\000\040\000i\000n\000\040\000H\000y\000b\000r\000i\000d\000\040\000A\000r\000c\000h\000i\000t\000e\000c\000t\000u\000r\000e\000s}{section.39}% 22
\BOOKMARK [2][-]{subsection.42}{\376\377\000S\000y\000s\000t\000e\000m\000a\000t\000i\000c\000\040\000P\000o\000r\000t\000i\000n\000g\000\040\000v\000s\000.\000\040\000t\000h\000e\000\040\000R\000e\000w\000r\000i\000t\000e\000\040\000T\000r\000a\000p}{section.39}% 23
\BOOKMARK [2][-]{subsection.43}{\376\377\000F\000o\000r\000e\000i\000g\000n\000\040\000F\000u\000n\000c\000t\000i\000o\000n\000\040\000I\000n\000t\000e\000r\000f\000a\000c\000e\000\040\000\050\000F\000F\000I\000\051}{section.39}% 24
\BOOKMARK [2][-]{subsection.44}{\376\377\000I\000n\000t\000e\000r\000o\000p\000e\000r\000a\000b\000i\000l\000i\000t\000y\000\040\000t\000o\000o\000l\000s}{section.39}% 25
\BOOKMARK [2][-]{subsection.45}{\376\377\000B\000o\000o\000s\000t\000\040\000m\000i\000g\000r\000a\000t\000i\000o\000n\000\040\000f\000o\000r\000\040\000R\000u\000s\000t}{section.39}% 26
\BOOKMARK [1][-]{section.47}{\376\377\000C\000a\000s\000e\000\040\000s\000t\000u\000d\000i\000e\000s}{chapter.29}% 27
\BOOKMARK [2][-]{subsection.48}{\376\377\000C\000o\000n\000c\000u\000r\000r\000e\000n\000c\000y\000\040\000S\000a\000f\000e\000t\000y\000:\000\040\000M\000i\000g\000r\000a\000t\000i\000n\000g\000\040\000L\000o\000c\000k\000i\000n\000g\000\040\000p\000r\000i\000m\000i\000t\000i\000v\000e\000s}{section.47}% 28
\BOOKMARK [2][-]{subsection.50}{\376\377\040\034\000J\000u\000s\000t\000\040\000U\000s\000e\000\040\000R\000u\000s\000t\040\035\000:\000\040\000A\000\040\000B\000e\000s\000t\000-\000C\000a\000s\000e\000\040\000H\000i\000s\000t\000o\000r\000i\000c\000a\000l\000\040\000S\000t\000u\000d\000y\000\040\000o\000f\000\040\000O\000p\000e\000n\000\040\000S\000o\000u\000r\000c\000e\000\040\000V\000u\000l\000n\000e\000r\000a\000b\000i\000l\000i\000t\000i\000e\000s\000\040\000i\000n\000\040\000C}{section.47}% 29
\BOOKMARK [0][-]{chapter.53}{\376\377\000M\000e\000t\000h\000o\000d\000o\000l\000o\000g\000y\000\040\000a\000n\000d\000\040\000S\000o\000l\000u\000t\000i\000o\000n\000\040\000P\000r\000o\000p\000o\000s\000a\000l}{}% 30
\BOOKMARK [1][-]{section.54}{\376\377\000C\000o\000m\000p\000o\000n\000e\000n\000t\000\040\000S\000e\000l\000e\000c\000t\000i\000o\000n\000\040\000C\000r\000i\000t\000e\000r\000i\000a}{chapter.53}% 31
\BOOKMARK [2][-]{subsection.55}{\376\377\000A\000u\000t\000o\000m\000o\000t\000i\000v\000e\000-\000O\000r\000i\000e\000n\000t\000e\000d\000\040\000S\000e\000l\000e\000c\000t\000i\000o\000n\000\040\000R\000a\000t\000i\000o\000n\000a\000l\000e}{section.54}% 32
\BOOKMARK [2][-]{subsection.56}{\376\377\000D\000e\000p\000r\000i\000o\000r\000i\000t\000i\000z\000e\000d\000\040\000C\000o\000m\000p\000o\000n\000e\000n\000t\000s}{section.54}% 33
\BOOKMARK [2][-]{subsection.57}{\376\377\000S\000a\000f\000e\000t\000y\000-\000C\000r\000i\000t\000i\000c\000a\000l\000\040\000C\000o\000n\000s\000t\000r\000a\000i\000n\000t\000s\000\040\000a\000n\000d\000\040\000I\000S\000O\000\040\0002\0006\0002\0006\0002\000\040\000A\000l\000i\000g\000n\000m\000e\000n\000t}{section.54}% 34
\BOOKMARK [2][-]{subsection.58}{\376\377\000B\000o\000o\000s\000t\000\040\000L\000i\000b\000r\000a\000r\000i\000e\000s\000\040\000R\000e\000l\000e\000v\000a\000n\000t\000\040\000t\000o\000\040\000E\000c\000l\000i\000p\000s\000e\000\040\000S\000C\000O\000R\000E}{section.54}% 35
\BOOKMARK [2][-]{subsection.60}{\376\377\000C\000o\000m\000p\000a\000r\000a\000t\000i\000v\000e\000\040\000A\000n\000a\000l\000y\000s\000i\000s\000\040\000a\000s\000\040\000a\000\040\000M\000i\000g\000r\000a\000t\000i\000o\000n\000\040\000E\000n\000a\000b\000l\000e\000r}{section.54}% 36
\BOOKMARK [2][-]{subsection.61}{\376\377\000F\000r\000o\000m\000\040\000L\000i\000b\000r\000a\000r\000y\000\040\000G\000a\000p\000s\000\040\000t\000o\000\040\000N\000e\000w\000\040\000R\000u\000s\000t\000\040\000A\000u\000t\000o\000m\000o\000t\000i\000v\000e\000\040\000C\000r\000a\000t\000e\000s}{section.54}% 37
\BOOKMARK [2][-]{subsection.62}{\376\377\000A\000S\000I\000L\000-\000O\000r\000i\000e\000n\000t\000e\000d\000\040\000M\000i\000g\000r\000a\000t\000i\000o\000n\000\040\000S\000t\000r\000a\000t\000e\000g\000y}{section.54}% 38
\BOOKMARK [2][-]{subsection.63}{\376\377\000M\000i\000g\000r\000a\000t\000i\000o\000n\000\040\000W\000o\000r\000k\000f\000l\000o\000w\000\040\000O\000v\000e\000r\000v\000i\000e\000w}{section.54}% 39
\BOOKMARK [0][-]{chapter.65}{\376\377\000D\000e\000v\000e\000l\000o\000p\000m\000e\000n\000t\000\040\000P\000l\000a\000n}{}% 40
\BOOKMARK [1][-]{section.66}{\376\377\000O\000b\000j\000e\000c\000t\000i\000v\000e\000s\000\040\000a\000n\000d\000\040\000S\000c\000o\000p\000e}{chapter.65}% 41
\BOOKMARK [1][-]{section.67}{\376\377\000D\000e\000v\000e\000l\000o\000p\000m\000e\000n\000t\000\040\000P\000h\000a\000s\000e\000s\000\040\000O\000v\000e\000r\000v\000i\000e\000w}{chapter.65}% 42
\BOOKMARK [1][-]{section.74}{\376\377\000S\000y\000s\000t\000e\000m\000\040\000A\000n\000a\000l\000y\000s\000i\000s\000\040\000a\000n\000d\000\040\000C\000o\000m\000p\000o\000n\000e\000n\000t\000\040\000S\000e\000l\000e\000c\000t\000i\000o\000n}{chapter.65}% 43
\BOOKMARK [1][-]{section.76}{\376\377\000A\000r\000c\000h\000i\000t\000e\000c\000t\000u\000r\000a\000l\000\040\000R\000e\000f\000a\000c\000t\000o\000r\000i\000n\000g\000\040\000a\000n\000d\000\040\000I\000n\000t\000e\000r\000f\000a\000c\000e\000\040\000D\000e\000s\000i\000g\000n}{chapter.65}% 44
\BOOKMARK [1][-]{section.78}{\376\377\000R\000u\000s\000t\000\040\000R\000e\000i\000m\000p\000l\000e\000m\000e\000n\000t\000a\000t\000i\000o\000n}{chapter.65}% 45
\BOOKMARK [1][-]{section.80}{\376\377\000B\000i\000d\000i\000r\000e\000c\000t\000i\000o\000n\000a\000l\000\040\000F\000F\000I\000\040\000I\000n\000t\000e\000g\000r\000a\000t\000i\000o\000n}{chapter.65}% 46
\BOOKMARK [1][-]{section.82}{\376\377\000V\000a\000l\000i\000d\000a\000t\000i\000o\000n\000\040\000a\000n\000d\000\040\000S\000a\000f\000e\000t\000y\000\040\000A\000n\000a\000l\000y\000s\000i\000s}{chapter.65}% 47
\BOOKMARK [1][-]{section.84}{\376\377\000C\000o\000n\000s\000o\000l\000i\000d\000a\000t\000i\000o\000n\000\040\000a\000n\000d\000\040\000D\000o\000c\000u\000m\000e\000n\000t\000a\000t\000i\000o\000n}{chapter.65}% 48
\BOOKMARK [1][-]{section.86}{\376\377\000D\000e\000v\000e\000l\000o\000p\000m\000e\000n\000t\000\040\000T\000i\000m\000e\000l\000i\000n\000e}{chapter.65}% 49
\BOOKMARK [0][-]{chapter*.88}{\376\377\000B\000i\000b\000l\000i\000o\000g\000r\000a\000p\000h\000y}{}% 50
